<?xml version="1.0" encoding="UTF-8"?>
<testsuites name="jest tests" tests="22" failures="0" time="17.684">
  <testsuite name="NextMuiLink Component" errors="0" failures="0" skipped="0" timestamp="2020-04-05T00:06:09" time="5.157" tests="3">
    <testcase classname="NextMuiLink Component renders in default state" name="NextMuiLink Component renders in default state" time="0.16">
    </testcase>
    <testcase classname="NextMuiLink Component renders in naked state" name="NextMuiLink Component renders in naked state" time="0.009">
    </testcase>
    <testcase classname="NextMuiLink Component renders with href object" name="NextMuiLink Component renders with href object" time="0.013">
    </testcase>
  </testsuite>
  <testsuite name="BusinessIcon Component" errors="0" failures="0" skipped="0" timestamp="2020-04-05T00:06:09" time="8.838" tests="8">
    <testcase classname="BusinessIcon Component renders PinDropIcon in default state" name="BusinessIcon Component renders PinDropIcon in default state" time="0.162">
    </testcase>
    <testcase classname="BusinessIcon Component renders FastFoodIcon" name="BusinessIcon Component renders FastFoodIcon" time="0.014">
    </testcase>
    <testcase classname="BusinessIcon Component renders LocalBarIcon" name="BusinessIcon Component renders LocalBarIcon" time="0.119">
    </testcase>
    <testcase classname="BusinessIcon Component renders LocalCafeIcon" name="BusinessIcon Component renders LocalCafeIcon" time="0.015">
    </testcase>
    <testcase classname="BusinessIcon Component renders LocalConvenienceStoreIcon" name="BusinessIcon Component renders LocalConvenienceStoreIcon" time="0.013">
    </testcase>
    <testcase classname="BusinessIcon Component renders LocalDiningIcon" name="BusinessIcon Component renders LocalDiningIcon" time="0.029">
    </testcase>
    <testcase classname="BusinessIcon Component renders StoreIcon" name="BusinessIcon Component renders StoreIcon" time="0.019">
    </testcase>
    <testcase classname="BusinessIcon Component renders default icon if the defined icon is not available" name="BusinessIcon Component renders default icon if the defined icon is not available" time="0.02">
    </testcase>
  </testsuite>
  <testsuite name="Logo Component" errors="0" failures="0" skipped="0" timestamp="2020-04-05T00:06:14" time="4.51" tests="2">
    <testcase classname="Logo Component renders with size=200px in default state" name="Logo Component renders with size=200px in default state" time="0.037">
    </testcase>
    <testcase classname="Logo Component renders with size=300px when size is overridden" name="Logo Component renders with size=300px when size is overridden" time="0.009">
    </testcase>
  </testsuite>
  <testsuite name="Footer Component" errors="0" failures="0" skipped="0" timestamp="2020-04-05T00:06:09" time="11.338" tests="1">
    <testcase classname="Footer Component renders in default state" name="Footer Component renders in default state" time="0.209">
    </testcase>
  </testsuite>
  <testsuite name="Maps Component" errors="0" failures="0" skipped="0" timestamp="2020-04-05T00:06:18" time="3.37" tests="2">
    <testcase classname="Maps Component renders in default state" name="Maps Component renders in default state" time="0.086">
    </testcase>
    <testcase classname="Maps Component rerender to change zoom" name="Maps Component rerender to change zoom" time="0.082">
    </testcase>
  </testsuite>
  <testsuite name="WebsiteLink Component" errors="0" failures="0" skipped="0" timestamp="2020-04-05T00:06:19" time="3.153" tests="3">
    <testcase classname="WebsiteLink Component renders in default state" name="WebsiteLink Component renders in default state" time="0.069">
    </testcase>
    <testcase classname="WebsiteLink Component logs link clicks" name="WebsiteLink Component logs link clicks" time="0.076">
    </testcase>
    <testcase classname="WebsiteLink Component renders in default state" name="WebsiteLink Component renders in default state" time="0.088">
    </testcase>
  </testsuite>
  <testsuite name="Nav Component" errors="0" failures="0" skipped="0" timestamp="2020-04-05T00:06:21" time="1.294" tests="1">
    <testcase classname="Nav Component renders in default state" name="Nav Component renders in default state" time="0.191">
    </testcase>
  </testsuite>
  <testsuite name="Analytics Wrapper Component" errors="0" failures="0" skipped="0" timestamp="2020-04-05T00:06:22" time="0.658" tests="2">
    <testcase classname="Analytics Wrapper Component initializes analytics and logs page view" name="Analytics Wrapper Component initializes analytics and logs page view" time="0.018">
    </testcase>
    <testcase classname="Analytics Wrapper Component only logs page view if analytics already defined" name="Analytics Wrapper Component only logs page view if analytics already defined" time="0.004">
    </testcase>
  </testsuite>
</testsuites>